C:/Users/UE FABLAB/Desktop/stm32objetdetec_projet_tutorat/de_base/STM32N6570-DK-Guide-FR-master/STM32N6570-DK-Guide-FR-master/Middlewares/lib_vision_models_pp/lib_vision_models_pp/Src/od_pp_yolov5.c:19:9:yolov5_nms_comparator	8	static
C:/Users/UE FABLAB/Desktop/stm32objetdetec_projet_tutorat/de_base/STM32N6570-DK-Guide-FR-master/STM32N6570-DK-Guide-FR-master/Middlewares/lib_vision_models_pp/lib_vision_models_pp/Src/od_pp_yolov5.c:54:9:yolov5_pp_nmsFiltering_centroid	48	static
C:/Users/UE FABLAB/Desktop/stm32objetdetec_projet_tutorat/de_base/STM32N6570-DK-Guide-FR-master/STM32N6570-DK-Guide-FR-master/Middlewares/lib_vision_models_pp/lib_vision_models_pp/Src/od_pp_yolov5.c:117:9:yolov5_pp_scoreFiltering_centroid	20	static
C:/Users/UE FABLAB/Desktop/stm32objetdetec_projet_tutorat/de_base/STM32N6570-DK-Guide-FR-master/STM32N6570-DK-Guide-FR-master/Middlewares/lib_vision_models_pp/lib_vision_models_pp/Src/od_pp_yolov5.c:141:9:yolov5_pp_getNNBoxes_centroid	56	static
C:/Users/UE FABLAB/Desktop/stm32objetdetec_projet_tutorat/de_base/STM32N6570-DK-Guide-FR-master/STM32N6570-DK-Guide-FR-master/Middlewares/lib_vision_models_pp/lib_vision_models_pp/Src/od_pp_yolov5.c:184:9:yolov5_pp_getNNBoxes_centroid_uint8	72	static
C:/Users/UE FABLAB/Desktop/stm32objetdetec_projet_tutorat/de_base/STM32N6570-DK-Guide-FR-master/STM32N6570-DK-Guide-FR-master/Middlewares/lib_vision_models_pp/lib_vision_models_pp/Src/od_pp_yolov5.c:239:9:od_yolov5_pp_reset	0	static
C:/Users/UE FABLAB/Desktop/stm32objetdetec_projet_tutorat/de_base/STM32N6570-DK-Guide-FR-master/STM32N6570-DK-Guide-FR-master/Middlewares/lib_vision_models_pp/lib_vision_models_pp/Src/od_pp_yolov5.c:248:9:od_yolov5_pp_process	16	static
C:/Users/UE FABLAB/Desktop/stm32objetdetec_projet_tutorat/de_base/STM32N6570-DK-Guide-FR-master/STM32N6570-DK-Guide-FR-master/Middlewares/lib_vision_models_pp/lib_vision_models_pp/Src/od_pp_yolov5.c:273:9:od_yolov5_pp_process_uint8	16	static
