C:/Users/UE FABLAB/Desktop/stm32objetdetec_projet_tutorat/de_base/STM32N6570-DK-Guide-FR-master/STM32N6570-DK-Guide-FR-master/Middlewares/lib_vision_models_pp/lib_vision_models_pp/Src/vision_models_pp_maxi_iu8.c:14:6:vision_models_maxi_iu8ou8	28	static
C:/Users/UE FABLAB/Desktop/stm32objetdetec_projet_tutorat/de_base/STM32N6570-DK-Guide-FR-master/STM32N6570-DK-Guide-FR-master/Middlewares/lib_vision_models_pp/lib_vision_models_pp/Src/vision_models_pp_maxi_iu8.c:67:6:vision_models_maxi_iu8ou16	68	static
C:/Users/UE FABLAB/Desktop/stm32objetdetec_projet_tutorat/de_base/STM32N6570-DK-Guide-FR-master/STM32N6570-DK-Guide-FR-master/Middlewares/lib_vision_models_pp/lib_vision_models_pp/Src/vision_models_pp_maxi_iu8.c:215:6:vision_models_maxi_p_iu8ou16	52	static
C:/Users/UE FABLAB/Desktop/stm32objetdetec_projet_tutorat/de_base/STM32N6570-DK-Guide-FR-master/STM32N6570-DK-Guide-FR-master/Middlewares/lib_vision_models_pp/lib_vision_models_pp/Src/vision_models_pp_maxi_iu8.c:134:6:vision_models_maxi_p_iu8ou8	104	static
C:/Users/UE FABLAB/Desktop/stm32objetdetec_projet_tutorat/de_base/STM32N6570-DK-Guide-FR-master/STM32N6570-DK-Guide-FR-master/Middlewares/lib_vision_models_pp/lib_vision_models_pp/Src/vision_models_pp_maxi_iu8.c:265:6:vision_models_maxi_iu8ou32	16	static
