C:/Users/UE FABLAB/Desktop/stm32objetdetec_projet_tutorat/de_base/STM32N6570-DK-Guide-FR-master/STM32N6570-DK-Guide-FR-master/Middlewares/lib_vision_models_pp/lib_vision_models_pp/Src/vision_models_pp.c:14:11:vision_models_sigmoid_f	8	static
C:/Users/UE FABLAB/Desktop/stm32objetdetec_projet_tutorat/de_base/STM32N6570-DK-Guide-FR-master/STM32N6570-DK-Guide-FR-master/Middlewares/lib_vision_models_pp/lib_vision_models_pp/Src/vision_models_pp.c:20:6:vision_models_softmax_f	40	static
C:/Users/UE FABLAB/Desktop/stm32objetdetec_projet_tutorat/de_base/STM32N6570-DK-Guide-FR-master/STM32N6570-DK-Guide-FR-master/Middlewares/lib_vision_models_pp/lib_vision_models_pp/Src/vision_models_pp.c:40:11:overlap	0	static
C:/Users/UE FABLAB/Desktop/stm32objetdetec_projet_tutorat/de_base/STM32N6570-DK-Guide-FR-master/STM32N6570-DK-Guide-FR-master/Middlewares/lib_vision_models_pp/lib_vision_models_pp/Src/vision_models_pp.c:52:11:box_intersection	8	static
C:/Users/UE FABLAB/Desktop/stm32objetdetec_projet_tutorat/de_base/STM32N6570-DK-Guide-FR-master/STM32N6570-DK-Guide-FR-master/Middlewares/lib_vision_models_pp/lib_vision_models_pp/Src/vision_models_pp.c:62:11:box_union	8	static
C:/Users/UE FABLAB/Desktop/stm32objetdetec_projet_tutorat/de_base/STM32N6570-DK-Guide-FR-master/STM32N6570-DK-Guide-FR-master/Middlewares/lib_vision_models_pp/lib_vision_models_pp/Src/vision_models_pp.c:70:11:vision_models_box_iou	8	static
C:/Users/UE FABLAB/Desktop/stm32objetdetec_projet_tutorat/de_base/STM32N6570-DK-Guide-FR-master/STM32N6570-DK-Guide-FR-master/Middlewares/lib_vision_models_pp/lib_vision_models_pp/Src/vision_models_pp.c:81:9:twice_overlap_int	12	static
C:/Users/UE FABLAB/Desktop/stm32objetdetec_projet_tutorat/de_base/STM32N6570-DK-Guide-FR-master/STM32N6570-DK-Guide-FR-master/Middlewares/lib_vision_models_pp/lib_vision_models_pp/Src/vision_models_pp.c:93:9:box_intersection_is8	16	static
C:/Users/UE FABLAB/Desktop/stm32objetdetec_projet_tutorat/de_base/STM32N6570-DK-Guide-FR-master/STM32N6570-DK-Guide-FR-master/Middlewares/lib_vision_models_pp/lib_vision_models_pp/Src/vision_models_pp.c:103:9:box_union_is8	16	static
C:/Users/UE FABLAB/Desktop/stm32objetdetec_projet_tutorat/de_base/STM32N6570-DK-Guide-FR-master/STM32N6570-DK-Guide-FR-master/Middlewares/lib_vision_models_pp/lib_vision_models_pp/Src/vision_models_pp.c:111:11:vision_models_box_iou_is8	40	static
C:/Users/UE FABLAB/Desktop/stm32objetdetec_projet_tutorat/de_base/STM32N6570-DK-Guide-FR-master/STM32N6570-DK-Guide-FR-master/Middlewares/lib_vision_models_pp/lib_vision_models_pp/Src/vision_models_pp.c:124:6:transpose_flattened_2D	24	static
C:/Users/UE FABLAB/Desktop/stm32objetdetec_projet_tutorat/de_base/STM32N6570-DK-Guide-FR-master/STM32N6570-DK-Guide-FR-master/Middlewares/lib_vision_models_pp/lib_vision_models_pp/Src/vision_models_pp.c:145:6:dequantize	12	static
