C:/Users/UE FABLAB/Desktop/stm32objetdetec_projet_tutorat/de_base/STM32N6570-DK-Guide-FR-master/STM32N6570-DK-Guide-FR-master/Application/STM32N6570-DK/Src/app_wifi_mqtt.c:19:13:Log_Status	88	static
C:/Users/UE FABLAB/Desktop/stm32objetdetec_projet_tutorat/de_base/STM32N6570-DK-Guide-FR-master/STM32N6570-DK-Guide-FR-master/Application/STM32N6570-DK/Src/app_wifi_mqtt.c:40:6:WiFi_Init	8	static
C:/Users/UE FABLAB/Desktop/stm32objetdetec_projet_tutorat/de_base/STM32N6570-DK-Guide-FR-master/STM32N6570-DK-Guide-FR-master/Application/STM32N6570-DK/Src/app_wifi_mqtt.c:55:6:MQTT_Publish_PersonCount	48	static
C:/Users/UE FABLAB/Desktop/stm32objetdetec_projet_tutorat/de_base/STM32N6570-DK-Guide-FR-master/STM32N6570-DK-Guide-FR-master/Application/STM32N6570-DK/Src/app_wifi_mqtt.c:78:6:WiFi_Process	0	static
C:/Users/UE FABLAB/Desktop/stm32objetdetec_projet_tutorat/de_base/STM32N6570-DK-Guide-FR-master/STM32N6570-DK-Guide-FR-master/Application/STM32N6570-DK/Src/app_wifi_mqtt.c:83:9:WiFi_IsConnected	0	static
