../../../../STM32Cube_FW_N6/Drivers/STM32N6xx_HAL_Driver/Inc/stm32n6xx_ll_bus.h:679:22:LL_MEM_EnableClock	1
../../../../STM32Cube_FW_N6/Drivers/STM32N6xx_HAL_Driver/Inc/stm32n6xx_ll_bus.h:785:22:LL_MEM_EnableClockLowPower	1
../../../../STM32Cube_FW_N6/Drivers/STM32N6xx_HAL_Driver/Inc/stm32n6xx_ll_bus.h:2065:22:LL_AHB5_GRP1_EnableClockLowPower	1
C:/Users/UE FABLAB/Desktop/stm32objetdetec_projet_tutorat/de_base/STM32N6570-DK-Guide-FR-master/STM32N6570-DK-Guide-FR-master/Application/STM32N6570-DK/Src/main.c:249:13:Hardware_init	15
C:/Users/UE FABLAB/Desktop/stm32objetdetec_projet_tutorat/de_base/STM32N6570-DK-Guide-FR-master/STM32N6570-DK-Guide-FR-master/Application/STM32N6570-DK/Src/main.c:155:5:main	22
C:/Users/UE FABLAB/Desktop/stm32objetdetec_projet_tutorat/de_base/STM32N6570-DK-Guide-FR-master/STM32N6570-DK-Guide-FR-master/Application/STM32N6570-DK/Src/main.c:488:6:IAC_IRQHandler	1
C:/Users/UE FABLAB/Desktop/stm32objetdetec_projet_tutorat/de_base/STM32N6570-DK-Guide-FR-master/STM32N6570-DK-Guide-FR-master/Application/STM32N6570-DK/Src/main.c:600:19:MX_DCMIPP_ClockConfig	2
C:/Users/UE FABLAB/Desktop/stm32objetdetec_projet_tutorat/de_base/STM32N6570-DK-Guide-FR-master/STM32N6570-DK-Guide-FR-master/Application/STM32N6570-DK/Src/main.c:732:6:HAL_CACHEAXI_MspInit	1
C:/Users/UE FABLAB/Desktop/stm32objetdetec_projet_tutorat/de_base/STM32N6570-DK-Guide-FR-master/STM32N6570-DK-Guide-FR-master/Application/STM32N6570-DK/Src/main.c:740:6:HAL_CACHEAXI_MspDeInit	1
C:/Users/UE FABLAB/Desktop/stm32objetdetec_projet_tutorat/de_base/STM32N6570-DK-Guide-FR-master/STM32N6570-DK-Guide-FR-master/Application/STM32N6570-DK/Src/main.c:756:6:assert_failed	1
