C:/Users/UE FABLAB/Desktop/stm32objetdetec_projet_tutorat/de_base/STM32N6570-DK-Guide-FR-master/STM32N6570-DK-Guide-FR-master/Model/STM32N6570-DK/network.c:680:13:_ec_blob_cache_start_func_196	0	static
C:/Users/UE FABLAB/Desktop/stm32objetdetec_projet_tutorat/de_base/STM32N6570-DK-Guide-FR-master/STM32N6570-DK-Guide-FR-master/Model/STM32N6570-DK/network.c:515:13:_ec_blob_cache_start_func_191	0	static
C:/Users/UE FABLAB/Desktop/stm32objetdetec_projet_tutorat/de_base/STM32N6570-DK-Guide-FR-master/STM32N6570-DK-Guide-FR-master/Model/STM32N6570-DK/network.c:338:13:_ec_blob_cache_start_func_138	8	static
C:/Users/UE FABLAB/Desktop/stm32objetdetec_projet_tutorat/de_base/STM32N6570-DK-Guide-FR-master/STM32N6570-DK-Guide-FR-master/Model/STM32N6570-DK/network.c:227:13:_ec_blob_cache_start_func_119	0	static
C:/Users/UE FABLAB/Desktop/stm32objetdetec_projet_tutorat/de_base/STM32N6570-DK-Guide-FR-master/STM32N6570-DK-Guide-FR-master/Model/STM32N6570-DK/network.c:116:13:_ec_blob_cache_start_func_1	0	static
C:/Users/UE FABLAB/Desktop/stm32objetdetec_projet_tutorat/de_base/STM32N6570-DK-Guide-FR-master/STM32N6570-DK-Guide-FR-master/Model/STM32N6570-DK/network.c:694:13:LL_ATON_End_EpochBlock_220	24	static
C:/Users/UE FABLAB/Desktop/stm32objetdetec_projet_tutorat/de_base/STM32N6570-DK-Guide-FR-master/STM32N6570-DK-Guide-FR-master/Model/STM32N6570-DK/network.c:529:13:LL_ATON_End_EpochBlock_195	24	static
C:/Users/UE FABLAB/Desktop/stm32objetdetec_projet_tutorat/de_base/STM32N6570-DK-Guide-FR-master/STM32N6570-DK-Guide-FR-master/Model/STM32N6570-DK/network.c:364:13:LL_ATON_End_EpochBlock_190	24	static
C:/Users/UE FABLAB/Desktop/stm32objetdetec_projet_tutorat/de_base/STM32N6570-DK-Guide-FR-master/STM32N6570-DK-Guide-FR-master/Model/STM32N6570-DK/network.c:241:13:LL_ATON_End_EpochBlock_137	32	static
C:/Users/UE FABLAB/Desktop/stm32objetdetec_projet_tutorat/de_base/STM32N6570-DK-Guide-FR-master/STM32N6570-DK-Guide-FR-master/Model/STM32N6570-DK/network.c:130:13:LL_ATON_End_EpochBlock_118	32	static
C:/Users/UE FABLAB/Desktop/stm32objetdetec_projet_tutorat/de_base/STM32N6570-DK-Guide-FR-master/STM32N6570-DK-Guide-FR-master/Model/STM32N6570-DK/network.c:81:26:LL_ATON_Set_User_Input_Buffer_Default	0	static
C:/Users/UE FABLAB/Desktop/stm32objetdetec_projet_tutorat/de_base/STM32N6570-DK-Guide-FR-master/STM32N6570-DK-Guide-FR-master/Model/STM32N6570-DK/network.c:88:7:LL_ATON_Get_User_Input_Buffer_Default	0	static
C:/Users/UE FABLAB/Desktop/stm32objetdetec_projet_tutorat/de_base/STM32N6570-DK-Guide-FR-master/STM32N6570-DK-Guide-FR-master/Model/STM32N6570-DK/network.c:95:26:LL_ATON_Set_User_Output_Buffer_Default	0	static
C:/Users/UE FABLAB/Desktop/stm32objetdetec_projet_tutorat/de_base/STM32N6570-DK-Guide-FR-master/STM32N6570-DK-Guide-FR-master/Model/STM32N6570-DK/network.c:102:7:LL_ATON_Get_User_Output_Buffer_Default	0	static
C:/Users/UE FABLAB/Desktop/stm32objetdetec_projet_tutorat/de_base/STM32N6570-DK-Guide-FR-master/STM32N6570-DK-Guide-FR-master/Model/STM32N6570-DK/network_ecblobs.h:14916:6:LL_ATON_EC_Network_Init_Default	0	static
C:/Users/UE FABLAB/Desktop/stm32objetdetec_projet_tutorat/de_base/STM32N6570-DK-Guide-FR-master/STM32N6570-DK-Guide-FR-master/Model/STM32N6570-DK/network_ecblobs.h:14922:6:LL_ATON_EC_Inference_Init_Default	0	static
C:/Users/UE FABLAB/Desktop/stm32objetdetec_projet_tutorat/de_base/STM32N6570-DK-Guide-FR-master/STM32N6570-DK-Guide-FR-master/Model/STM32N6570-DK/network.c:847:31:LL_ATON_EpochBlockItems_Default	0	static
C:/Users/UE FABLAB/Desktop/stm32objetdetec_projet_tutorat/de_base/STM32N6570-DK-Guide-FR-master/STM32N6570-DK-Guide-FR-master/Model/STM32N6570-DK/network.c:995:30:LL_ATON_Input_Buffers_Info_Default	0	static
C:/Users/UE FABLAB/Desktop/stm32objetdetec_projet_tutorat/de_base/STM32N6570-DK-Guide-FR-master/STM32N6570-DK-Guide-FR-master/Model/STM32N6570-DK/network.c:5987:30:LL_ATON_Output_Buffers_Info_Default	0	static
C:/Users/UE FABLAB/Desktop/stm32objetdetec_projet_tutorat/de_base/STM32N6570-DK-Guide-FR-master/STM32N6570-DK-Guide-FR-master/Model/STM32N6570-DK/network.c:6082:30:LL_ATON_Internal_Buffers_Info_Default	0	static
