C:/Users/UE FABLAB/Desktop/stm32objetdetec_projet_tutorat/de_base/STM32N6570-DK-Guide-FR-master/STM32N6570-DK-Guide-FR-master/Middlewares/AI_Runtime/Npu/Devices/STM32N6XX/npu_cache.c:23:6:npu_cache_init	0	static
C:/Users/UE FABLAB/Desktop/stm32objetdetec_projet_tutorat/de_base/STM32N6570-DK-Guide-FR-master/STM32N6570-DK-Guide-FR-master/Middlewares/AI_Runtime/Npu/Devices/STM32N6XX/npu_cache.c:29:6:npu_cache_enable	8	static
C:/Users/UE FABLAB/Desktop/stm32objetdetec_projet_tutorat/de_base/STM32N6570-DK-Guide-FR-master/STM32N6570-DK-Guide-FR-master/Middlewares/AI_Runtime/Npu/Devices/STM32N6XX/npu_cache.c:40:6:npu_cache_disable	8	static
C:/Users/UE FABLAB/Desktop/stm32objetdetec_projet_tutorat/de_base/STM32N6570-DK-Guide-FR-master/STM32N6570-DK-Guide-FR-master/Middlewares/AI_Runtime/Npu/Devices/STM32N6XX/npu_cache.c:49:6:npu_cache_invalidate	0	static
C:/Users/UE FABLAB/Desktop/stm32objetdetec_projet_tutorat/de_base/STM32N6570-DK-Guide-FR-master/STM32N6570-DK-Guide-FR-master/Middlewares/AI_Runtime/Npu/Devices/STM32N6XX/npu_cache.c:54:6:npu_cache_clean_range	0	static
C:/Users/UE FABLAB/Desktop/stm32objetdetec_projet_tutorat/de_base/STM32N6570-DK-Guide-FR-master/STM32N6570-DK-Guide-FR-master/Middlewares/AI_Runtime/Npu/Devices/STM32N6XX/npu_cache.c:59:6:npu_cache_clean_invalidate_range	0	static
C:/Users/UE FABLAB/Desktop/stm32objetdetec_projet_tutorat/de_base/STM32N6570-DK-Guide-FR-master/STM32N6570-DK-Guide-FR-master/Middlewares/AI_Runtime/Npu/Devices/STM32N6XX/npu_cache.c:64:6:NPU_CACHE_IRQHandler	0	static,ignoring_inline_asm
